
> backend@1.0.0 test
> cross-env NODE_ENV=test jest --testTimeout=10000

  console.log
    [dotenv@17.2.4] injecting env (9) from .env -- tip: ΓÜÖ∩╕Å  suppress all logs with { quiet: true }

      at _log (node_modules/dotenv/lib/main.js:142:11)

  console.log
    [dotenv@17.2.4] injecting env (9) from .env -- tip: Γ£à audit secrets and track compliance: https://dotenvx.com/ops

      at _log (node_modules/dotenv/lib/main.js:142:11)

  console.log
    [dotenv@17.2.4] injecting env (0) from .env -- tip: ≡ƒôí add observability to secrets: https://dotenvx.com/ops

      at _log (node_modules/dotenv/lib/main.js:142:11)

  console.log
    [dotenv@17.2.4] injecting env (0) from .env -- tip: ≡ƒöÉ prevent building .env in docker: https://dotenvx.com/prebuild

      at _log (node_modules/dotenv/lib/main.js:142:11)

node.exe : FAIL 
tests/issue.test.js
At line:1 char:1
+ & "C:\Program Files
\nodejs/node.exe" 
"C:\Program 
Files\nodejs/node_mo 
...
+ ~~~~~~~~~~~~~~~~~~~
~~~~~~~~~~~~~~~~~~~~~
~~~~~~~~~~~~~~~~~~~~~
~~~~~~~~
    + CategoryInfo   
           : NotSpe  
  cified: (FAIL te   
 sts/issue.test.j    
s:String) [], Re    
moteException
    + FullyQualified 
   ErrorId : Native  
  CommandError
 
  Issue API
    ├ù should create 
a new issue (21 ms)
    ΓêÜ should get 
all issues (18 ms)

  ΓùÅ Issue API ΓÇ║ 
should create a new 
issue

    expect(received).
toEqual(expected) // 
deep equality

    Expected: 201
    Received: 500

    [0m [90m 56 
|[39m             
})[33m;[39m
     [90m 57 |[39m
    [31m[1m>[22m[
39m[90m 58 |[39m   
      expect(res[33m
.[39mstatusCode)[33
m.[39mtoEqual([35m2
01[39m)[33m;[39m
     [90m    |[39m 
                     
          
[31m[1m^[22m[39m
     [90m 59 |[39m 
        expect(res[3
3m.[39mbody)[33m.[
39mtoHaveProperty([3
2m'title'[39m[33m,
[39m [32m'Broken Pip
e'[39m)[33m;[39m
     [90m 60 |[39m 
        expect(res[3
3m.[39mbody)[33m.[
39mtoHaveProperty([3
2m'category'[39m[33
m,[39m [32m'Water'
[39m)[33m;[39m
     [90m 61 |[39m 
    })[33m;[39m[0m

      at 
Object.toEqual (tests
/issue.test.js:58:32)

FAIL 
tests/auth.test.js
  Auth API
    ├ù should 
register a new user 
(115 ms)
    ΓêÜ should login 
a user (151 ms)

  ΓùÅ Auth API ΓÇ║ 
should register a 
new user

    expect(received).
toHaveProperty(path, 
value)

    Matcher error: 
received value must 
not be null nor 
undefined

    Received has 
value: undefined

    [0m [90m 39 
|[39m         expect
(res[33m.[39mstatus
Code)[33m.[39mtoEqu
al([35m201[39m)[33
m;[39m
     [90m 40 |[39m 
        expect(res[3
3m.[39mbody)[33m.[
39mtoHaveProperty([3
2m'token'[39m)[33m;
[39m
    [31m[1m>[22m[
39m[90m 41 |[39m   
      expect(res[33m
.[39mbody[33m.[39m
user)[33m.[39mtoHav
eProperty([32m'name'
[39m[33m,[39m 
[32m'Test User'[39m
)[33m;[39m
     [90m    |[39m 
                     
         
[31m[1m^[22m[39m
     [90m 42 |[39m 
    })[33m;[39m
     [90m 43 |[39m
     [90m 44 |[39m 
    it([32m'should 
login a user'[39m[3
3m,[39m 
[36masync[39m () 
[33m=>[39m {[0m

      at Object.toHav
eProperty (tests/auth
.test.js:41:31)

Test Suites: 2 
failed, 2 total
Tests:       2 
failed, 2 passed, 4 
total
Snapshots:   0 total
Time:        2.074 s
Ran all test suites.
